exports[`test renders correctly 1`] = `
<section
  className="sc-bdVaJa idzngi">
  <h1
    className="sc-bwzfXH jpWVOo">
    RSVP to our wedding in Baltimore, Maryland on 
    <br />
    December 2nd, 2017.
  </h1>
  <a
    className="sc-bxivhb cKjUkO"
    href="#">
    CONTACT US
  </a>
</section>
`;
